# --------------------------------------------------- // System
pipewire                                               # audio/video server
pipewire-alsa                                          # pipewire alsa client
pipewire-audio                                         # pipewire audio client
pipewire-jack                                          # pipewire jack client
pipewire-pulse                                         # pipewire pulseaudio client
gst-plugin-pipewire                                    # pipewire gstreamer client
wireplumber                                            # pipewire session manager
pavucontrol                                            # pulseaudio volume control
pamixer                                                # pulseaudio cli mixer
networkmanager                                         # network manager
network-manager-applet                                 # network manager system tray utility
bluez                                                  # bluetooth protocol stack
bluez-utils                                            # bluetooth utility cli
blueman                                                # bluetooth manager gui
brightnessctl                                          # screen brightness control
udiskie                                                # manage removable media

# --------------------------------------------------- // Display Manager
sddm                                                   # display manager for KDE plasma
qt5-quickcontrols                                      # for sddm theme ui elements
qt5-quickcontrols2                                     # for sddm theme ui elements
qt5-graphicaleffects                                   # for sddm theme effects

# --------------------------------------------------- // Window Manager
hyprland                                               # wlroots-based wayland compositor
dunst                                                  # notification daemon
rofi-wayland                                           # application launcher
waybar                                                 # system bar
swww                                                   # wallpaper
swaylock-effects-git                                   # lock screen
wlogout                                                # logout menu
grimblast-git                                          # screenshot tool
hyprpicker                                             # color picker
slurp                                                  # region select for screenshot/screenshare
swappy                                                 # screenshot editor
cliphist                                               # clipboard manager

# --------------------------------------------------- // Dependencies
polkit-gnome                                           # authentication agent
xdg-desktop-portal-hyprland                            # xdg desktop portal for hyprland
python-pyamdgpuinfo                                    # for amd gpu info

# --------------------------------------------------- // Theming
nwg-look                                               # gtk configuration tool
qt5ct                                                  # qt5 configuration tool
qt6ct                                                  # qt6 configuration tool
kvantum                                                # svg based qt6 theme engine
kvantum-qt5                                            # svg based qt5 theme engine
qt5-wayland                                            # wayland support in qt5
qt6-wayland                                            # wayland support in qt6

# --------------------------------------------------- // Applications
# --------------------------------------------------- // Shell
pokemon-colorscripts-git|zsh                           # display pokemon sprites

# --------------------------------------------------- // System
# --------------------------------------------------- // Dependencies
# xdg-desktop-portal-gtk                                 # xdg desktop portal using gtk
# emote                                                # emoji picker gtk3
man-db
openssh
p7zip
rsync
wget
ripgrep

# --------------------------------------------------- // Fonts
ttf-dejavu
ttf-liberation
ttf-symbola-free
ttf-unifont

# --------------------------------------------------- // Gaming
# --------------------------------------------------- // Music
# cava                                                   # audio visualizer
# spotify                                                # proprietary music streaming service
# spicetify-cli                                          # cli to customize spotify client


